---------------------------------------------
PIC ASSEMBLER LISTING
Line    Address Opcode  Instruction
---------------------------------------------
0001    0000            ADC EQU 0x20
0002    0000            CON EQU 0X21
0003    0000            CON2 EQU 0X22
0004    0000            CON3 EQU 0X23
0005    0000            
0006    0000            	org 0x00 ;Inicio del programa en la posici?n cero de memoria
0007    0000    0000    	nop ;Libre (uso del debugger)
0008    0001            
0009    0001            _inicio
0010    0001    1283    	bcf STATUS,RP0 ;Ir banco 0
0011    0002    1303    	bcf STATUS,RP1
0012    0003    3041    	movlw b'01000001' ;A/D conversion Fosc/8
0013    0004    009F    	movwf ADCON0
0014    0005            	;     	     7     6     5    4    3    2       1 0
0015    0005            	; 1Fh ADCON0 ADCS1 ADCS0 CHS2 CHS1 CHS0 GO/DONE ? ADON
0016    0005    1683    	bsf STATUS,RP0 ;Ir banco 1
0017    0006    1303    	bcf STATUS,RP1
0018    0007    3007    	movlw b'00000111'
0019    0008    0081    	movwf OPTION_REG ;TMR0 preescaler, 1:156
0020    0009            	;                7    6      5    4    3   2   1   0 
0021    0009            	; 81h OPTION_REG RBPU INTEDG T0CS T0SE PSA PS2 PS1 PS0
0022    0009    300E    	movlw b'00001110' ;A/D Port AN0/RA0
0023    000A    009F    	movwf ADCON1
0024    000B            	;            7    6     5 4 3     2     1     0 
0025    000B            	; 9Fh ADCON1 ADFM ADCS2 ? ? PCFG3 PCFG2 PCFG1 PCFG0
0026    000B    1405    	bsf TRISA,0 ;RA0 linea de entrada para el ADC
0027    000C    0186    	clrf TRISB
0028    000D    1283    	bcf STATUS,RP0 ;Ir banco 0
0029    000E    1303    	bcf STATUS,RP1
0030    000F    0186    	clrf PORTB ;Limpiar PORTB
0031    0010            _bucle
0032    0010            	;btfss INTCON,T0IF
0033    0010            	;goto _bucle ;Esperar que el timer0 desborde
0034    0010            	; SE DEBE DE COLOCAR UN DELAY PARA QUE ESPERE LA CONVERSION
0035    0010    1503    	BSF  STATUS,Z
0036    0011    2026    	CALL _PRESPERA
0037    0012    110B    	bcf INTCON,T0IF ;Limpiar el indicador de desborde
0038    0013    151F    	bsf ADCON0,GO ;Comenzar conversion A/D
0039    0014            _espera
0040    0014    191F    	btfsc ADCON0,GO ;ADCON0 es 0? (la conversion esta completa?)
0041    0015    2814    	goto _espera ;No, ir _espera
0042    0016    081E    	movf ADRESH,W ;Si, W=ADRESH
0043    0017            	; 1Eh ADRESH A/D Result Register High Byte
0044    0017            	; 9Eh ADRESL A/D Result Register Low Byte 
0045    0017    00A0    	movwf ADC ;ADC=W
0046    0018    0CA0    	rrf ADC,F ;ADC /4
0047    0019    0CA0    	rrf ADC,F
0048    001A    13A0    	bcf ADC,7
0049    001B    1320    	bcf ADC,6
0050    001C    0820    	movfw ADC ;W = ADC
0051    001D    0086    	movwf PORTB ;PORTB = W
0052    001E    3020    	movlw D'32' ;Comparamos el valor del ADC para saber si es menor que 128
0053    001F    0220    	subwf ADC,W
0054    0020    1C03    	btfss STATUS,C ;Es mayor a 128?
0055    0021    2824    	goto _desactivar ;No, desactivar RB7
0056    0022    1787    	bsf PORTC,7 ;Si, RB7 = 1 logico
0057    0023    2810    	goto _bucle ;Ir bucle
0058    0024            _desactivar
0059    0024    1386    	bcf PORTB,7 ;RB7 = 0 logico
0060    0025    2810    	goto _bucle ;Ir bucle
0061    0026            	
0062    0026            _PRESPERA
0063    0026    30FF    	MOVLW 0XFF
0064    0027    00A1    	MOVWF CON
0065    0028    00A2    	MOVWF CON2
0066    0029    00A3    	MOVWF CON3	
0067    002A    202C    	CALL ESPE
0068    002B    0008    	RETURN	
0069    002C            	
0070    002C            ESPE
0071    002C    0BA1    	DECFSZ	CON,0X01
0072    002D    282C    	GOTO	ESPE
0073    002E    2030    	CALL	ESPE2
0074    002F    0008    	RETURN
0075    0030            ESPE2
0076    0030    0BA2    	DECFSZ	CON2,0X01
0077    0031    2830    	GOTO	ESPE2
0078    0032    2034    	CALL	ESPE3
0079    0033    0008    	RETURN
0080    0034            ESPE3
0081    0034    0BA3    	DECFSZ	CON3,0X01
0082    0035    2834    	GOTO	ESPE3
0083    0036    0008    	RETURN		
0084    0037            end
---------------------------------------------
Number of errors = 0
